Archive member included to satisfy reference by file (symbol)

/opt/st/stm32cubeide_1.6.1/plugins/com.st.stm32cube.ide.mcu.externaltools.gnu-tools-for-stm32.9-2020-q2-update.linux64_1.5.0.202011040924/tools/bin/../lib/gcc/arm-none-eabi/9.3.1/../../../../arm-none-eabi/lib/thumb/v6-m/nofp/libc_nano.a(lib_a-errno.o)
                              Core/Src/syscalls.o (__errno)
/opt/st/stm32cubeide_1.6.1/plugins/com.st.stm32cube.ide.mcu.externaltools.gnu-tools-for-stm32.9-2020-q2-update.linux64_1.5.0.202011040924/tools/bin/../lib/gcc/arm-none-eabi/9.3.1/../../../../arm-none-eabi/lib/thumb/v6-m/nofp/libc_nano.a(lib_a-exit.o)
                              /opt/st/stm32cubeide_1.6.1/plugins/com.st.stm32cube.ide.mcu.externaltools.gnu-tools-for-stm32.9-2020-q2-update.linux64_1.5.0.202011040924/tools/bin/../lib/gcc/arm-none-eabi/9.3.1/../../../../arm-none-eabi/lib/thumb/v6-m/nofp/crt0.o (exit)
/opt/st/stm32cubeide_1.6.1/plugins/com.st.stm32cube.ide.mcu.externaltools.gnu-tools-for-stm32.9-2020-q2-update.linux64_1.5.0.202011040924/tools/bin/../lib/gcc/arm-none-eabi/9.3.1/../../../../arm-none-eabi/lib/thumb/v6-m/nofp/libc_nano.a(lib_a-impure.o)
                              /opt/st/stm32cubeide_1.6.1/plugins/com.st.stm32cube.ide.mcu.externaltools.gnu-tools-for-stm32.9-2020-q2-update.linux64_1.5.0.202011040924/tools/bin/../lib/gcc/arm-none-eabi/9.3.1/../../../../arm-none-eabi/lib/thumb/v6-m/nofp/libc_nano.a(lib_a-exit.o) (_global_impure_ptr)
/opt/st/stm32cubeide_1.6.1/plugins/com.st.stm32cube.ide.mcu.externaltools.gnu-tools-for-stm32.9-2020-q2-update.linux64_1.5.0.202011040924/tools/bin/../lib/gcc/arm-none-eabi/9.3.1/../../../../arm-none-eabi/lib/thumb/v6-m/nofp/libc_nano.a(lib_a-init.o)
                              /opt/st/stm32cubeide_1.6.1/plugins/com.st.stm32cube.ide.mcu.externaltools.gnu-tools-for-stm32.9-2020-q2-update.linux64_1.5.0.202011040924/tools/bin/../lib/gcc/arm-none-eabi/9.3.1/../../../../arm-none-eabi/lib/thumb/v6-m/nofp/crt0.o (__libc_init_array)
/opt/st/stm32cubeide_1.6.1/plugins/com.st.stm32cube.ide.mcu.externaltools.gnu-tools-for-stm32.9-2020-q2-update.linux64_1.5.0.202011040924/tools/bin/../lib/gcc/arm-none-eabi/9.3.1/../../../../arm-none-eabi/lib/thumb/v6-m/nofp/libc_nano.a(lib_a-memset.o)
                              /opt/st/stm32cubeide_1.6.1/plugins/com.st.stm32cube.ide.mcu.externaltools.gnu-tools-for-stm32.9-2020-q2-update.linux64_1.5.0.202011040924/tools/bin/../lib/gcc/arm-none-eabi/9.3.1/../../../../arm-none-eabi/lib/thumb/v6-m/nofp/crt0.o (memset)
/opt/st/stm32cubeide_1.6.1/plugins/com.st.stm32cube.ide.mcu.externaltools.gnu-tools-for-stm32.9-2020-q2-update.linux64_1.5.0.202011040924/tools/bin/../lib/gcc/arm-none-eabi/9.3.1/thumb/v6-m/nofp/libgcc.a(_udivsi3.o)
                              Core/Src/system_stm32f0xx.o (__aeabi_uidiv)
/opt/st/stm32cubeide_1.6.1/plugins/com.st.stm32cube.ide.mcu.externaltools.gnu-tools-for-stm32.9-2020-q2-update.linux64_1.5.0.202011040924/tools/bin/../lib/gcc/arm-none-eabi/9.3.1/thumb/v6-m/nofp/libgcc.a(_dvmd_tls.o)
                              /opt/st/stm32cubeide_1.6.1/plugins/com.st.stm32cube.ide.mcu.externaltools.gnu-tools-for-stm32.9-2020-q2-update.linux64_1.5.0.202011040924/tools/bin/../lib/gcc/arm-none-eabi/9.3.1/thumb/v6-m/nofp/libgcc.a(_udivsi3.o) (__aeabi_idiv0)
/opt/st/stm32cubeide_1.6.1/plugins/com.st.stm32cube.ide.mcu.externaltools.gnu-tools-for-stm32.9-2020-q2-update.linux64_1.5.0.202011040924/tools/bin/../lib/gcc/arm-none-eabi/9.3.1/thumb/v6-m/nofp/libgcc.a(_fixunssfsi.o)
                              Core/Src/can.o (__aeabi_f2uiz)
/opt/st/stm32cubeide_1.6.1/plugins/com.st.stm32cube.ide.mcu.externaltools.gnu-tools-for-stm32.9-2020-q2-update.linux64_1.5.0.202011040924/tools/bin/../lib/gcc/arm-none-eabi/9.3.1/thumb/v6-m/nofp/libgcc.a(addsf3.o)
                              Core/Src/main.o (__aeabi_fadd)
/opt/st/stm32cubeide_1.6.1/plugins/com.st.stm32cube.ide.mcu.externaltools.gnu-tools-for-stm32.9-2020-q2-update.linux64_1.5.0.202011040924/tools/bin/../lib/gcc/arm-none-eabi/9.3.1/thumb/v6-m/nofp/libgcc.a(subsf3.o)
                              /opt/st/stm32cubeide_1.6.1/plugins/com.st.stm32cube.ide.mcu.externaltools.gnu-tools-for-stm32.9-2020-q2-update.linux64_1.5.0.202011040924/tools/bin/../lib/gcc/arm-none-eabi/9.3.1/thumb/v6-m/nofp/libgcc.a(_fixunssfsi.o) (__aeabi_fsub)
/opt/st/stm32cubeide_1.6.1/plugins/com.st.stm32cube.ide.mcu.externaltools.gnu-tools-for-stm32.9-2020-q2-update.linux64_1.5.0.202011040924/tools/bin/../lib/gcc/arm-none-eabi/9.3.1/thumb/v6-m/nofp/libgcc.a(fixsfsi.o)
                              /opt/st/stm32cubeide_1.6.1/plugins/com.st.stm32cube.ide.mcu.externaltools.gnu-tools-for-stm32.9-2020-q2-update.linux64_1.5.0.202011040924/tools/bin/../lib/gcc/arm-none-eabi/9.3.1/thumb/v6-m/nofp/libgcc.a(_fixunssfsi.o) (__aeabi_f2iz)
[...]
Memory Configuration

Name             Origin             Length             Attributes
RAM              0x0000000020000000 0x0000000000001800 xrw
FLASH            0x0000000008000000 0x0000000000008000 xr
*default*        0x0000000000000000 0xffffffffffffffff

Linker script and memory map

LOAD /opt/st/stm32cubeide_1.6.1/plugins/com.st.stm32cube.ide.mcu.externaltools.gnu-tools-for-stm32.9-2020-q2-update.linux64_1.5.0.202011040924/tools/bin/../lib/gcc/arm-none-eabi/9.3.1/thumb/v6-m/nofp/crti.o
LOAD /opt/st/stm32cubeide_1.6.1/plugins/com.st.stm32cube.ide.mcu.externaltools.gnu-tools-for-stm32.9-2020-q2-update.linux64_1.5.0.202011040924/tools/bin/../lib/gcc/arm-none-eabi/9.3.1/thumb/v6-m/nofp/crtbegin.o
LOAD /opt/st/stm32cubeide_1.6.1/plugins/com.st.stm32cube.ide.mcu.externaltools.gnu-tools-for-stm32.9-2020-q2-update.linux64_1.5.0.202011040924/tools/bin/../lib/gcc/arm-none-eabi/9.3.1/../../../../arm-none-eabi/lib/thumb/v6-m/nofp/crt0.o
LOAD Core/Src/can.o
LOAD Core/Src/gpio.o
LOAD Core/Src/main.o
LOAD Core/Src/stm32f0xx_hal_msp.o
LOAD Core/Src/stm32f0xx_it.o
LOAD Core/Src/syscalls.o
LOAD Core/Src/sysmem.o
LOAD Core/Src/system_stm32f0xx.o
LOAD Core/Src/tim.o
LOAD Core/Startup/startup_stm32f042f6px.o
LOAD Drivers/STM32F0xx_HAL_Driver/Src/stm32f0xx_hal.o
LOAD Drivers/STM32F0xx_HAL_Driver/Src/stm32f0xx_hal_can.o
LOAD Drivers/STM32F0xx_HAL_Driver/Src/stm32f0xx_hal_cortex.o
LOAD Drivers/STM32F0xx_HAL_Driver/Src/stm32f0xx_hal_dma.o
LOAD Drivers/STM32F0xx_HAL_Driver/Src/stm32f0xx_hal_exti.o
LOAD Drivers/STM32F0xx_HAL_Driver/Src/stm32f0xx_hal_flash.o
LOAD Drivers/STM32F0xx_HAL_Driver/Src/stm32f0xx_hal_flash_ex.o
LOAD Drivers/STM32F0xx_HAL_Driver/Src/stm32f0xx_hal_gpio.o
LOAD Drivers/STM32F0xx_HAL_Driver/Src/stm32f0xx_hal_i2c.o
LOAD Drivers/STM32F0xx_HAL_Driver/Src/stm32f0xx_hal_i2c_ex.o
LOAD Drivers/STM32F0xx_HAL_Driver/Src/stm32f0xx_hal_pwr.o
LOAD Drivers/STM32F0xx_HAL_Driver/Src/stm32f0xx_hal_pwr_ex.o
LOAD Drivers/STM32F0xx_HAL_Driver/Src/stm32f0xx_hal_rcc.o
LOAD Drivers/STM32F0xx_HAL_Driver/Src/stm32f0xx_hal_rcc_ex.o
LOAD Drivers/STM32F0xx_HAL_Driver/Src/stm32f0xx_hal_tim.o
LOAD Drivers/STM32F0xx_HAL_Driver/Src/stm32f0xx_hal_tim_ex.o
START GROUP
LOAD /opt/st/stm32cubeide_1.6.1/plugins/com.st.stm32cube.ide.mcu.externaltools.gnu-tools-for-stm32.9-2020-q2-update.linux64_1.5.0.202011040924/tools/bin/../lib/gcc/arm-none-eabi/9.3.1/../../../../arm-none-eabi/lib/thumb/v6-m/nofp/libc_nano.a
LOAD /opt/st/stm32cubeide_1.6.1/plugins/com.st.stm32cube.ide.mcu.externaltools.gnu-tools-for-stm32.9-2020-q2-update.linux64_1.5.0.202011040924/tools/bin/../lib/gcc/arm-none-eabi/9.3.1/../../../../arm-none-eabi/lib/thumb/v6-m/nofp/libm.a
END GROUP
START GROUP
LOAD /opt/st/stm32cubeide_1.6.1/plugins/com.st.stm32cube.ide.mcu.externaltools.gnu-tools-for-stm32.9-2020-q2-update.linux64_1.5.0.202011040924/tools/bin/../lib/gcc/arm-none-eabi/9.3.1/thumb/v6-m/nofp/libgcc.a
LOAD /opt/st/stm32cubeide_1.6.1/plugins/com.st.stm32cube.ide.mcu.externaltools.gnu-tools-for-stm32.9-2020-q2-update.linux64_1.5.0.202011040924/tools/bin/../lib/gcc/arm-none-eabi/9.3.1/../../../../arm-none-eabi/lib/thumb/v6-m/nofp/libc_nano.a
END GROUP
START GROUP
LOAD /opt/st/stm32cubeide_1.6.1/plugins/com.st.stm32cube.ide.mcu.externaltools.gnu-tools-for-stm32.9-2020-q2-update.linux64_1.5.0.202011040924/tools/bin/../lib/gcc/arm-none-eabi/9.3.1/thumb/v6-m/nofp/libgcc.a
LOAD /opt/st/stm32cubeide_1.6.1/plugins/com.st.stm32cube.ide.mcu.externaltools.gnu-tools-for-stm32.9-2020-q2-update.linux64_1.5.0.202011040924/tools/bin/../lib/gcc/arm-none-eabi/9.3.1/../../../../arm-none-eabi/lib/thumb/v6-m/nofp/libc_nano.a
LOAD /opt/st/stm32cubeide_1.6.1/plugins/com.st.stm32cube.ide.mcu.externaltools.gnu-tools-for-stm32.9-2020-q2-update.linux64_1.5.0.202011040924/tools/bin/../lib/gcc/arm-none-eabi/9.3.1/../../../../arm-none-eabi/lib/thumb/v6-m/nofp/libnosys.a
END GROUP
START GROUP
LOAD /opt/st/stm32cubeide_1.6.1/plugins/com.st.stm32cube.ide.mcu.externaltools.gnu-tools-for-stm32.9-2020-q2-update.linux64_1.5.0.202011040924/tools/bin/../lib/gcc/arm-none-eabi/9.3.1/thumb/v6-m/nofp/libgcc.a
LOAD /opt/st/stm32cubeide_1.6.1/plugins/com.st.stm32cube.ide.mcu.externaltools.gnu-tools-for-stm32.9-2020-q2-update.linux64_1.5.0.202011040924/tools/bin/../lib/gcc/arm-none-eabi/9.3.1/../../../../arm-none-eabi/lib/thumb/v6-m/nofp/libc_nano.a
LOAD /opt/st/stm32cubeide_1.6.1/plugins/com.st.stm32cube.ide.mcu.externaltools.gnu-tools-for-stm32.9-2020-q2-update.linux64_1.5.0.202011040924/tools/bin/../lib/gcc/arm-none-eabi/9.3.1/../../../../arm-none-eabi/lib/thumb/v6-m/nofp/libnosys.a
END GROUP
LOAD /opt/st/stm32cubeide_1.6.1/plugins/com.st.stm32cube.ide.mcu.externaltools.gnu-tools-for-stm32.9-2020-q2-update.linux64_1.5.0.202011040924/tools/bin/../lib/gcc/arm-none-eabi/9.3.1/thumb/v6-m/nofp/crtend.o
LOAD /opt/st/stm32cubeide_1.6.1/plugins/com.st.stm32cube.ide.mcu.externaltools.gnu-tools-for-stm32.9-2020-q2-update.linux64_1.5.0.202011040924/tools/bin/../lib/gcc/arm-none-eabi/9.3.1/thumb/v6-m/nofp/crtn.o
                0x0000000020001800                _estack = (ORIGIN (RAM) + LENGTH (RAM))
                0x0000000000000200                _Min_Heap_Size = 0x200
                0x0000000000000400                _Min_Stack_Size = 0x400

.isr_vector     0x0000000008000000       0xc0
                0x0000000008000000                . = ALIGN (0x4)
 *(.isr_vector)
 .isr_vector    0x0000000008000000       0xc0 Core/Startup/startup_stm32f042f6px.o
                0x0000000008000000                g_pfnVectors
                0x00000000080000c0                . = ALIGN (0x4)

.text           0x00000000080000c0     0x387c
                0x00000000080000c0                . = ALIGN (0x4)
 *(.text)
 .text          0x00000000080000c0       0x48 /opt/st/stm32cubeide_1.6.1/plugins/com.st.stm32cube.ide.mcu.externaltools.gnu-tools-for-stm32.9-2020-q2-update.linux64_1.5.0.202011040924/tools/bin/../lib/gcc/arm-none-eabi/9.3.1/thumb/v6-m/nofp/crtbegin.o
 .text          0x0000000008000108      0x114 /opt/st/stm32cubeide_1.6.1/plugins/com.st.stm32cube.ide.mcu.externaltools.gnu-tools-for-stm32.9-2020-q2-update.linux64_1.5.0.202011040924/tools/bin/../lib/gcc/arm-none-eabi/9.3.1/thumb/v6-m/nofp/libgcc.a(_udivsi3.o)
                0x0000000008000108                __udivsi3
                0x0000000008000108                __aeabi_uidiv
                0x0000000008000214                __aeabi_uidivmod
 .text          0x000000000800021c        0x4 /opt/st/stm32cubeide_1.6.1/plugins/com.st.stm32cube.ide.mcu.externaltools.gnu-tools-for-stm32.9-2020-q2-update.linux64_1.5.0.202011040924/tools/bin/../lib/gcc/arm-none-eabi/9.3.1/thumb/v6-m/nofp/libgcc.a(_dvmd_tls.o)
                0x000000000800021c                __aeabi_ldiv0
                0x000000000800021c                __aeabi_idiv0
 .text          0x0000000008000220       0x30 /opt/st/stm32cubeide_1.6.1/plugins/com.st.stm32cube.ide.mcu.externaltools.gnu-tools-for-stm32.9-2020-q2-update.linux64_1.5.0.202011040924/tools/bin/../lib/gcc/arm-none-eabi/9.3.1/thumb/v6-m/nofp/libgcc.a(_fixunssfsi.o)
                0x0000000008000220                __aeabi_f2uiz
                0x0000000008000220                __fixunssfsi
 .text          0x0000000008000250      0x338 /opt/st/stm32cubeide_1.6.1/plugins/com.st.stm32cube.ide.mcu.externaltools.gnu-tools-for-stm32.9-2020-q2-update.linux64_1.5.0.202011040924/tools/bin/../lib/gcc/arm-none-eabi/9.3.1/thumb/v6-m/nofp/libgcc.a(addsf3.o)
                0x0000000008000250                __aeabi_fadd
 .text          0x0000000008000588      0x390 /opt/st/stm32cubeide_1.6.1/plugins/com.st.stm32cube.ide.mcu.externaltools.gnu-tools-for-stm32.9-2020-q2-update.linux64_1.5.0.202011040924/tools/bin/../lib/gcc/arm-none-eabi/9.3.1/thumb/v6-m/nofp/libgcc.a(subsf3.o)
                0x0000000008000588                __aeabi_fsub
 .text          0x0000000008000918       0x40 /opt/st/stm32cubeide_1.6.1/plugins/com.st.stm32cube.ide.mcu.externaltools.gnu-tools-for-stm32.9-2020-q2-update.linux64_1.5.0.202011040924/tools/bin/../lib/gcc/arm-none-eabi/9.3.1/thumb/v6-m/nofp/libgcc.a(fixsfsi.o)
                0x0000000008000918                __aeabi_f2iz
 .text          0x0000000008000958       0x78 /opt/st/stm32cubeide_1.6.1/plugins/com.st.stm32cube.ide.mcu.externaltools.gnu-tools-for-stm32.9-2020-q2-update.linux64_1.5.0.202011040924/tools/bin/../lib/gcc/arm-none-eabi/9.3.1/thumb/v6-m/nofp/libgcc.a(floatunsisf.o)
                0x0000000008000958                __aeabi_ui2f
 .text          0x00000000080009d0      0x4d8 /opt/st/stm32cubeide_1.6.1/plugins/com.st.stm32cube.ide.mcu.externaltools.gnu-tools-for-stm32.9-2020-q2-update.linux64_1.5.0.202011040924/tools/bin/../lib/gcc/arm-none-eabi/9.3.1/thumb/v6-m/nofp/libgcc.a(muldf3.o)
                0x00000000080009d0                __aeabi_dmul
 .text          0x0000000008000ea8       0x90 /opt/st/stm32cubeide_1.6.1/plugins/com.st.stm32cube.ide.mcu.externaltools.gnu-tools-for-stm32.9-2020-q2-update.linux64_1.5.0.202011040924/tools/bin/../lib/gcc/arm-none-eabi/9.3.1/thumb/v6-m/nofp/libgcc.a(extendsfdf2.o)
                0x0000000008000ea8                __aeabi_f2d
 .text          0x0000000008000f38      0x110 /opt/st/stm32cubeide_1.6.1/plugins/com.st.stm32cube.ide.mcu.externaltools.gnu-tools-for-stm32.9-2020-q2-update.linux64_1.5.0.202011040924/tools/bin/../lib/gcc/arm-none-eabi/9.3.1/thumb/v6-m/nofp/libgcc.a(truncdfsf2.o)
                0x0000000008000f38                __aeabi_d2f
 .text          0x0000000008001048       0x74 /opt/st/stm32cubeide_1.6.1/plugins/com.st.stm32cube.ide.mcu.externaltools.gnu-tools-for-stm32.9-2020-q2-update.linux64_1.5.0.202011040924/tools/bin/../lib/gcc/arm-none-eabi/9.3.1/thumb/v6-m/nofp/libgcc.a(_arm_cmpsf2.o)
                0x0000000008001048                __aeabi_cfrcmple
                0x0000000008001050                __aeabi_cfcmple
                0x0000000008001050                __aeabi_cfcmpeq
                0x0000000008001060                __aeabi_fcmpeq
                0x000000000800106c                __aeabi_fcmplt
                0x0000000008001080                __aeabi_fcmple
                0x0000000008001094                __aeabi_fcmpgt
                0x00000000080010a8                __aeabi_fcmpge
 .text          0x00000000080010bc       0x3c /opt/st/stm32cubeide_1.6.1/plugins/com.st.stm32cube.ide.mcu.externaltools.gnu-tools-for-stm32.9-2020-q2-update.linux64_1.5.0.202011040924/tools/bin/../lib/gcc/arm-none-eabi/9.3.1/thumb/v6-m/nofp/libgcc.a(_clzsi2.o)
                0x00000000080010bc                __clzsi2
 .text          0x00000000080010f8       0x50 /opt/st/stm32cubeide_1.6.1/plugins/com.st.stm32cube.ide.mcu.externaltools.gnu-tools-for-stm32.9-2020-q2-update.linux64_1.5.0.202011040924/tools/bin/../lib/gcc/arm-none-eabi/9.3.1/thumb/v6-m/nofp/libgcc.a(eqsf2.o)
                0x00000000080010f8                __nesf2
                0x00000000080010f8                __eqsf2
 .text          0x0000000008001148       0x98 /opt/st/stm32cubeide_1.6.1/plugins/com.st.stm32cube.ide.mcu.externaltools.gnu-tools-for-stm32.9-2020-q2-update.linux64_1.5.0.202011040924/tools/bin/../lib/gcc/arm-none-eabi/9.3.1/thumb/v6-m/nofp/libgcc.a(gesf2.o)
                0x0000000008001148                __gtsf2
                0x0000000008001148                __gesf2
 .text          0x00000000080011e0       0x94 /opt/st/stm32cubeide_1.6.1/plugins/com.st.stm32cube.ide.mcu.externaltools.gnu-tools-for-stm32.9-2020-q2-update.linux64_1.5.0.202011040924/tools/bin/../lib/gcc/arm-none-eabi/9.3.1/thumb/v6-m/nofp/libgcc.a(lesf2.o)
                0x00000000080011e0                __lesf2
                0x00000000080011e0                __ltsf2
 *(.text*)
 .text.MX_CAN_Init
                0x0000000008001274       0x6c Core/Src/can.o
                0x0000000008001274                MX_CAN_Init
 .text.HAL_CAN_MspInit
                0x00000000080012e0       0x9c Core/Src/can.o
                0x00000000080012e0                HAL_CAN_MspInit
 .text.CAN_Init
                0x000000000800137c       0x70 Core/Src/can.o
                0x000000000800137c                CAN_Init
 .text.CAN_Send_Data
                0x00000000080013ec       0x58 Core/Src/can.o
                0x00000000080013ec                CAN_Send_Data
 .text.MX_GPIO_Init
                0x0000000008001444       0x90 Core/Src/gpio.o
                0x0000000008001444                MX_GPIO_Init
 .text.main     0x00000000080014d4      0x158 Core/Src/main.o
                0x00000000080014d4                main
 .text.SystemClock_Config
                0x000000000800162c       0x78 Core/Src/main.o
                0x000000000800162c                SystemClock_Config
 .text.usDelay  0x00000000080016a4       0x6c Core/Src/main.o
                0x00000000080016a4                usDelay
 .text.Error_Handler
                0x0000000008001710        0xa Core/Src/main.o
                0x0000000008001710                Error_Handler
 *fill*         0x000000000800171a        0x2 
 .text.HAL_MspInit
                0x000000000800171c       0x58 Core/Src/stm32f0xx_hal_msp.o
                0x000000000800171c                HAL_MspInit
 .text.NMI_Handler
                0x0000000008001774        0x6 Core/Src/stm32f0xx_it.o
                0x0000000008001774                NMI_Handler
 .text.HardFault_Handler
                0x000000000800177a        0x6 Core/Src/stm32f0xx_it.o
                0x000000000800177a                HardFault_Handler
 .text.SVC_Handler
                0x0000000008001780        0xa Core/Src/stm32f0xx_it.o
                0x0000000008001780                SVC_Handler
 .text.PendSV_Handler
                0x000000000800178a        0xa Core/Src/stm32f0xx_it.o
                0x000000000800178a                PendSV_Handler
 .text.SysTick_Handler
                0x0000000008001794        0xe Core/Src/stm32f0xx_it.o
                0x0000000008001794                SysTick_Handler
 .text.SystemInit
                0x00000000080017a2        0xa Core/Src/system_stm32f0xx.o
                0x00000000080017a2                SystemInit
 .text.MX_TIM2_Init
                0x00000000080017ac       0xf4 Core/Src/tim.o
                0x00000000080017ac                MX_TIM2_Init
 .text.HAL_TIM_Base_MspInit
                0x00000000080018a0       0x94 Core/Src/tim.o
                0x00000000080018a0                HAL_TIM_Base_MspInit
 .text.Reset_Handler
                0x0000000008001934       0x80 Core/Startup/startup_stm32f042f6px.o
                0x0000000008001934                Reset_Handler
 .text.Default_Handler
                0x00000000080019b4        0x2 Core/Startup/startup_stm32f042f6px.o
                0x00000000080019b4                TIM1_CC_IRQHandler
                0x00000000080019b4                TSC_IRQHandler
                0x00000000080019b4                I2C1_IRQHandler
                0x00000000080019b4                RCC_CRS_IRQHandler
                0x00000000080019b4                SPI1_IRQHandler
                0x00000000080019b4                EXTI2_3_IRQHandler
                0x00000000080019b4                ADC1_IRQHandler
                0x00000000080019b4                TIM17_IRQHandler
                0x00000000080019b4                CEC_CAN_IRQHandler
                0x00000000080019b4                RTC_IRQHandler
                0x00000000080019b4                PVD_VDDIO2_IRQHandler
                0x00000000080019b4                TIM16_IRQHandler
                0x00000000080019b4                TIM3_IRQHandler
                0x00000000080019b4                EXTI4_15_IRQHandler
                0x00000000080019b4                DMA1_Channel1_IRQHandler
                0x00000000080019b4                Default_Handler
                0x00000000080019b4                TIM14_IRQHandler
                0x00000000080019b4                DMA1_Channel4_5_IRQHandler
                0x00000000080019b4                EXTI0_1_IRQHandler
                0x00000000080019b4                USB_IRQHandler
                0x00000000080019b4                SPI2_IRQHandler
                0x00000000080019b4                WWDG_IRQHandler
                0x00000000080019b4                TIM2_IRQHandler
                0x00000000080019b4                DMA1_Channel2_3_IRQHandler
                0x00000000080019b4                USART2_IRQHandler
                0x00000000080019b4                FLASH_IRQHandler
                0x00000000080019b4                USART1_IRQHandler
                0x00000000080019b4                TIM1_BRK_UP_TRG_COM_IRQHandler
 *fill*         0x00000000080019b6        0x2 
 .text.HAL_Init
                0x00000000080019b8       0x28 Drivers/STM32F0xx_HAL_Driver/Src/stm32f0xx_hal.o
                0x00000000080019b8                HAL_Init
 .text.HAL_InitTick
                0x00000000080019e0       0x68 Drivers/STM32F0xx_HAL_Driver/Src/stm32f0xx_hal.o
                0x00000000080019e0                HAL_InitTick
 .text.HAL_IncTick
                0x0000000008001a48       0x24 Drivers/STM32F0xx_HAL_Driver/Src/stm32f0xx_hal.o
                0x0000000008001a48                HAL_IncTick
 .text.HAL_GetTick
                0x0000000008001a6c       0x14 Drivers/STM32F0xx_HAL_Driver/Src/stm32f0xx_hal.o
                0x0000000008001a6c                HAL_GetTick
 .text.HAL_Delay
                0x0000000008001a80       0x48 Drivers/STM32F0xx_HAL_Driver/Src/stm32f0xx_hal.o
                0x0000000008001a80                HAL_Delay
 .text.HAL_CAN_Init
                0x0000000008001ac8      0x1fc Drivers/STM32F0xx_HAL_Driver/Src/stm32f0xx_hal_can.o
                0x0000000008001ac8                HAL_CAN_Init
 .text.HAL_CAN_ConfigFilter
                0x0000000008001cc4      0x1e4 Drivers/STM32F0xx_HAL_Driver/Src/stm32f0xx_hal_can.o
                0x0000000008001cc4                HAL_CAN_ConfigFilter
 .text.HAL_CAN_Start
                0x0000000008001ea8       0x8c Drivers/STM32F0xx_HAL_Driver/Src/stm32f0xx_hal_can.o
                0x0000000008001ea8                HAL_CAN_Start
 .text.HAL_CAN_AddTxMessage
                0x0000000008001f34      0x1bc Drivers/STM32F0xx_HAL_Driver/Src/stm32f0xx_hal_can.o
                0x0000000008001f34                HAL_CAN_AddTxMessage
 .text.HAL_CAN_ActivateNotification
                0x00000000080020f0       0x54 Drivers/STM32F0xx_HAL_Driver/Src/stm32f0xx_hal_can.o
                0x00000000080020f0                HAL_CAN_ActivateNotification
 .text.__NVIC_SetPriority
                0x0000000008002144       0xdc Drivers/STM32F0xx_HAL_Driver/Src/stm32f0xx_hal_cortex.o
 .text.SysTick_Config
                0x0000000008002220       0x48 Drivers/STM32F0xx_HAL_Driver/Src/stm32f0xx_hal_cortex.o
 .text.HAL_NVIC_SetPriority
                0x0000000008002268       0x2a Drivers/STM32F0xx_HAL_Driver/Src/stm32f0xx_hal_cortex.o
                0x0000000008002268                HAL_NVIC_SetPriority
 .text.HAL_SYSTICK_Config
                0x0000000008002292       0x1a Drivers/STM32F0xx_HAL_Driver/Src/stm32f0xx_hal_cortex.o
                0x0000000008002292                HAL_SYSTICK_Config
 .text.HAL_GPIO_Init
                0x00000000080022ac      0x2d0 Drivers/STM32F0xx_HAL_Driver/Src/stm32f0xx_hal_gpio.o
                0x00000000080022ac                HAL_GPIO_Init
 .text.HAL_GPIO_ReadPin
                0x000000000800257c       0x3a Drivers/STM32F0xx_HAL_Driver/Src/stm32f0xx_hal_gpio.o
                0x000000000800257c                HAL_GPIO_ReadPin
 .text.HAL_GPIO_WritePin
                0x00000000080025b6       0x3a Drivers/STM32F0xx_HAL_Driver/Src/stm32f0xx_hal_gpio.o
                0x00000000080025b6                HAL_GPIO_WritePin
 .text.HAL_RCC_OscConfig
                0x00000000080025f0      0x70c Drivers/STM32F0xx_HAL_Driver/Src/stm32f0xx_hal_rcc.o
                0x00000000080025f0                HAL_RCC_OscConfig
 .text.HAL_RCC_ClockConfig
                0x0000000008002cfc      0x1b4 Drivers/STM32F0xx_HAL_Driver/Src/stm32f0xx_hal_rcc.o
                0x0000000008002cfc                HAL_RCC_ClockConfig
 .text.HAL_RCC_GetSysClockFreq
                0x0000000008002eb0      0x100 Drivers/STM32F0xx_HAL_Driver/Src/stm32f0xx_hal_rcc.o
                0x0000000008002eb0                HAL_RCC_GetSysClockFreq
 .text.HAL_TIM_Base_Init
                0x0000000008002fb0       0xa0 Drivers/STM32F0xx_HAL_Driver/Src/stm32f0xx_hal_tim.o
                0x0000000008002fb0                HAL_TIM_Base_Init
 .text.HAL_TIM_IC_Init
                0x0000000008003050       0xa0 Drivers/STM32F0xx_HAL_Driver/Src/stm32f0xx_hal_tim.o
                0x0000000008003050                HAL_TIM_IC_Init
 .text.HAL_TIM_IC_MspInit
                0x00000000080030f0       0x10 Drivers/STM32F0xx_HAL_Driver/Src/stm32f0xx_hal_tim.o
                0x00000000080030f0                HAL_TIM_IC_MspInit
 .text.HAL_TIM_IC_ConfigChannel
                0x0000000008003100      0x12c Drivers/STM32F0xx_HAL_Driver/Src/stm32f0xx_hal_tim.o
                0x0000000008003100                HAL_TIM_IC_ConfigChannel
 .text.HAL_TIM_ConfigClockSource
                0x000000000800322c      0x194 Drivers/STM32F0xx_HAL_Driver/Src/stm32f0xx_hal_tim.o
                0x000000000800322c                HAL_TIM_ConfigClockSource
 .text.TIM_Base_SetConfig
                0x00000000080033c0       0xec Drivers/STM32F0xx_HAL_Driver/Src/stm32f0xx_hal_tim.o
                0x00000000080033c0                TIM_Base_SetConfig
 .text.TIM_TI1_SetConfig
                0x00000000080034ac       0xac Drivers/STM32F0xx_HAL_Driver/Src/stm32f0xx_hal_tim.o
                0x00000000080034ac                TIM_TI1_SetConfig
 .text.TIM_TI1_ConfigInputStage
                0x0000000008003558       0x5c Drivers/STM32F0xx_HAL_Driver/Src/stm32f0xx_hal_tim.o
 .text.TIM_TI2_SetConfig
                0x00000000080035b4       0x84 Drivers/STM32F0xx_HAL_Driver/Src/stm32f0xx_hal_tim.o
 .text.TIM_TI2_ConfigInputStage
                0x0000000008003638       0x64 Drivers/STM32F0xx_HAL_Driver/Src/stm32f0xx_hal_tim.o
 .text.TIM_TI3_SetConfig
                0x000000000800369c       0x80 Drivers/STM32F0xx_HAL_Driver/Src/stm32f0xx_hal_tim.o
 .text.TIM_TI4_SetConfig
                0x000000000800371c       0x8c Drivers/STM32F0xx_HAL_Driver/Src/stm32f0xx_hal_tim.o
 .text.TIM_ITRx_SetConfig
                0x00000000080037a8       0x32 Drivers/STM32F0xx_HAL_Driver/Src/stm32f0xx_hal_tim.o
 *fill*         0x00000000080037da        0x2 
 .text.TIM_ETR_SetConfig
                0x00000000080037dc       0x40 Drivers/STM32F0xx_HAL_Driver/Src/stm32f0xx_hal_tim.o
                0x00000000080037dc                TIM_ETR_SetConfig
 .text.HAL_TIMEx_MasterConfigSynchronization
                0x000000000800381c       0xb0 Drivers/STM32F0xx_HAL_Driver/Src/stm32f0xx_hal_tim_ex.o
                0x000000000800381c                HAL_TIMEx_MasterConfigSynchronization
 .text.__libc_init_array
                0x00000000080038cc       0x48 /opt/st/stm32cubeide_1.6.1/plugins/com.st.stm32cube.ide.mcu.externaltools.gnu-tools-for-stm32.9-2020-q2-update.linux64_1.5.0.202011040924/tools/bin/../lib/gcc/arm-none-eabi/9.3.1/../../../../arm-none-eabi/lib/thumb/v6-m/nofp/libc_nano.a(lib_a-init.o)
                0x00000000080038cc                __libc_init_array
 .text.memset   0x0000000008003914       0x10 /opt/st/stm32cubeide_1.6.1/plugins/com.st.stm32cube.ide.mcu.externaltools.gnu-tools-for-stm32.9-2020-q2-update.linux64_1.5.0.202011040924/tools/bin/../lib/gcc/arm-none-eabi/9.3.1/../../../../arm-none-eabi/lib/thumb/v6-m/nofp/libc_nano.a(lib_a-memset.o)
                0x0000000008003914                memset
 *(.glue_7)
 .glue_7        0x0000000008003924        0x0 linker stubs
 *(.glue_7t)
 .glue_7t       0x0000000008003924        0x0 linker stubs
 *(.eh_frame)
 .eh_frame      0x0000000008003924        0x0 /opt/st/stm32cubeide_1.6.1/plugins/com.st.stm32cube.ide.mcu.externaltools.gnu-tools-for-stm32.9-2020-q2-update.linux64_1.5.0.202011040924/tools/bin/../lib/gcc/arm-none-eabi/9.3.1/thumb/v6-m/nofp/crtbegin.o
 *(.init)
 .init          0x0000000008003924        0x4 /opt/st/stm32cubeide_1.6.1/plugins/com.st.stm32cube.ide.mcu.externaltools.gnu-tools-for-stm32.9-2020-q2-update.linux64_1.5.0.202011040924/tools/bin/../lib/gcc/arm-none-eabi/9.3.1/thumb/v6-m/nofp/crti.o
                0x0000000008003924                _init
 .init          0x0000000008003928        0x8 /opt/st/stm32cubeide_1.6.1/plugins/com.st.stm32cube.ide.mcu.externaltools.gnu-tools-for-stm32.9-2020-q2-update.linux64_1.5.0.202011040924/tools/bin/../lib/gcc/arm-none-eabi/9.3.1/thumb/v6-m/nofp/crtn.o
 *(.fini)
 .fini          0x0000000008003930        0x4 /opt/st/stm32cubeide_1.6.1/plugins/com.st.stm32cube.ide.mcu.externaltools.gnu-tools-for-stm32.9-2020-q2-update.linux64_1.5.0.202011040924/tools/bin/../lib/gcc/arm-none-eabi/9.3.1/thumb/v6-m/nofp/crti.o
                0x0000000008003930                _fini
 .fini          0x0000000008003934        0x8 /opt/st/stm32cubeide_1.6.1/plugins/com.st.stm32cube.ide.mcu.externaltools.gnu-tools-for-stm32.9-2020-q2-update.linux64_1.5.0.202011040924/tools/bin/../lib/gcc/arm-none-eabi/9.3.1/thumb/v6-m/nofp/crtn.o
                0x000000000800393c                . = ALIGN (0x4)
                0x000000000800393c                _etext = .

.vfp11_veneer   0x000000000800393c        0x0
 .vfp11_veneer  0x000000000800393c        0x0 linker stubs

.v4_bx          0x000000000800393c        0x0
 .v4_bx         0x000000000800393c        0x0 linker stubs

.iplt           0x000000000800393c        0x0
 .iplt          0x000000000800393c        0x0 /opt/st/stm32cubeide_1.6.1/plugins/com.st.stm32cube.ide.mcu.externaltools.gnu-tools-for-stm32.9-2020-q2-update.linux64_1.5.0.202011040924/tools/bin/../lib/gcc/arm-none-eabi/9.3.1/thumb/v6-m/nofp/crtbegin.o

.rodata         0x000000000800393c       0x70
                0x000000000800393c                . = ALIGN (0x4)
 *(.rodata)
 .rodata        0x000000000800393c       0x20 Drivers/STM32F0xx_HAL_Driver/Src/stm32f0xx_hal_rcc.o
 .rodata        0x000000000800395c       0x40 /opt/st/stm32cubeide_1.6.1/plugins/com.st.stm32cube.ide.mcu.externaltools.gnu-tools-for-stm32.9-2020-q2-update.linux64_1.5.0.202011040924/tools/bin/../lib/gcc/arm-none-eabi/9.3.1/thumb/v6-m/nofp/libgcc.a(muldf3.o)
 *(.rodata*)
 .rodata.AHBPrescTable
                0x000000000800399c       0x10 Core/Src/system_stm32f0xx.o
                0x000000000800399c                AHBPrescTable
                0x00000000080039ac                . = ALIGN (0x4)

.rel.dyn        0x00000000080039ac        0x0
 .rel.iplt      0x00000000080039ac        0x0 /opt/st/stm32cubeide_1.6.1/plugins/com.st.stm32cube.ide.mcu.externaltools.gnu-tools-for-stm32.9-2020-q2-update.linux64_1.5.0.202011040924/tools/bin/../lib/gcc/arm-none-eabi/9.3.1/thumb/v6-m/nofp/crtbegin.o

.ARM.extab      0x00000000080039ac        0x0
                0x00000000080039ac                . = ALIGN (0x4)
 *(.ARM.extab* .gnu.linkonce.armextab.*)
                0x00000000080039ac                . = ALIGN (0x4)

.ARM            0x00000000080039ac        0x0
                0x00000000080039ac                . = ALIGN (0x4)
                0x00000000080039ac                __exidx_start = .
 *(.ARM.exidx*)
                0x00000000080039ac                __exidx_end = .
                0x00000000080039ac                . = ALIGN (0x4)

.preinit_array  0x00000000080039ac        0x0
                0x00000000080039ac                . = ALIGN (0x4)
                0x00000000080039ac                PROVIDE (__preinit_array_start = .)
 *(.preinit_array*)
                0x00000000080039ac                PROVIDE (__preinit_array_end = .)
                0x00000000080039ac                . = ALIGN (0x4)

.init_array     0x00000000080039ac        0x4
                0x00000000080039ac                . = ALIGN (0x4)
                0x00000000080039ac                PROVIDE (__init_array_start = .)
 *(SORT_BY_NAME(.init_array.*))
 *(.init_array*)
 .init_array    0x00000000080039ac        0x4 /opt/st/stm32cubeide_1.6.1/plugins/com.st.stm32cube.ide.mcu.externaltools.gnu-tools-for-stm32.9-2020-q2-update.linux64_1.5.0.202011040924/tools/bin/../lib/gcc/arm-none-eabi/9.3.1/thumb/v6-m/nofp/crtbegin.o
                0x00000000080039b0                PROVIDE (__init_array_end = .)
                0x00000000080039b0                . = ALIGN (0x4)

.fini_array     0x00000000080039b0        0x4
                0x00000000080039b0                . = ALIGN (0x4)
                [!provide]                        PROVIDE (__fini_array_start = .)
 *(SORT_BY_NAME(.fini_array.*))
 *(.fini_array*)
 .fini_array    0x00000000080039b0        0x4 /opt/st/stm32cubeide_1.6.1/plugins/com.st.stm32cube.ide.mcu.externaltools.gnu-tools-for-stm32.9-2020-q2-update.linux64_1.5.0.202011040924/tools/bin/../lib/gcc/arm-none-eabi/9.3.1/thumb/v6-m/nofp/crtbegin.o
                [!provide]                        PROVIDE (__fini_array_end = .)
                0x00000000080039b4                . = ALIGN (0x4)
                0x00000000080039b4                _sidata = LOADADDR (.data)

.data           0x0000000020000000        0xc load address 0x00000000080039b4
                0x0000000020000000                . = ALIGN (0x4)
                0x0000000020000000                _sdata = .
 *(.data)
 *(.data*)
 .data.SystemCoreClock
                0x0000000020000000        0x4 Core/Src/system_stm32f0xx.o
                0x0000000020000000                SystemCoreClock
 .data.uwTickPrio
                0x0000000020000004        0x4 Drivers/STM32F0xx_HAL_Driver/Src/stm32f0xx_hal.o
                0x0000000020000004                uwTickPrio
 .data.uwTickFreq
                0x0000000020000008        0x1 Drivers/STM32F0xx_HAL_Driver/Src/stm32f0xx_hal.o
                0x0000000020000008                uwTickFreq
 *(.RamFunc)
 *(.RamFunc*)
                0x000000002000000c                . = ALIGN (0x4)
 *fill*         0x0000000020000009        0x3 
                0x000000002000000c                _edata = .

.igot.plt       0x000000002000000c        0x0 load address 0x00000000080039c0
 .igot.plt      0x000000002000000c        0x0 /opt/st/stm32cubeide_1.6.1/plugins/com.st.stm32cube.ide.mcu.externaltools.gnu-tools-for-stm32.9-2020-q2-update.linux64_1.5.0.202011040924/tools/bin/../lib/gcc/arm-none-eabi/9.3.1/thumb/v6-m/nofp/crtbegin.o
                0x000000002000000c                . = ALIGN (0x4)

.bss            0x000000002000000c      0x10c load address 0x00000000080039c0
                0x000000002000000c                _sbss = .
                0x000000002000000c                __bss_start__ = _sbss
 *(.bss)
 .bss           0x000000002000000c       0x1c /opt/st/stm32cubeide_1.6.1/plugins/com.st.stm32cube.ide.mcu.externaltools.gnu-tools-for-stm32.9-2020-q2-update.linux64_1.5.0.202011040924/tools/bin/../lib/gcc/arm-none-eabi/9.3.1/thumb/v6-m/nofp/crtbegin.o
 *(.bss*)
 .bss.numTicks  0x0000000020000028        0x4 Core/Src/main.o
                0x0000000020000028                numTicks
 *(COMMON)
 COMMON         0x000000002000002c       0x88 Core/Src/can.o
                0x000000002000002c                sFilterConfig
                0x0000000020000054                can_TX_Header
                0x000000002000006c                hcan
                0x0000000020000094                can_RX_Header
                0x00000000200000b0                TxMailbox
 COMMON         0x00000000200000b4       0x60 Core/Src/main.o
                0x00000000200000b4                can2
                0x00000000200000b8                distance
                0x00000000200000bc                dis2
                0x00000000200000c0                can1
                0x00000000200000c4                canRXData
                0x00000000200000cc                htim2
 COMMON         0x0000000020000114        0x4 Drivers/STM32F0xx_HAL_Driver/Src/stm32f0xx_hal.o
                0x0000000020000114                uwTick
                0x0000000020000118                . = ALIGN (0x4)
                0x0000000020000118                _ebss = .
                0x0000000020000118                __bss_end__ = _ebss

._user_heap_stack
                0x0000000020000118      0x600 load address 0x00000000080039c0
                0x0000000020000118                . = ALIGN (0x8)
                [!provide]                        PROVIDE (end = .)
                0x0000000020000118                PROVIDE (_end = .)
                0x0000000020000318                . = (. + _Min_Heap_Size)
 *fill*         0x0000000020000118      0x200 
                0x0000000020000718                . = (. + _Min_Stack_Size)
 *fill*         0x0000000020000318      0x400 
                0x0000000020000718                . = ALIGN (0x8)

/DISCARD/
 libc.a(*)
 libm.a(*)
 libgcc.a(*)

.ARM.attributes
                0x0000000000000000       0x28
 *(.ARM.attributes)
 .ARM.attributes
                0x0000000000000000       0x1e /opt/st/stm32cubeide_1.6.1/plugins/com.st.stm32cube.ide.mcu.externaltools.gnu-tools-for-stm32.9-2020-q2-update.linux64_1.5.0.202011040924/tools/bin/../lib/gcc/arm-none-eabi/9.3.1/thumb/v6-m/nofp/crti.o
 .ARM.attributes
                0x000000000000001e       0x2c /opt/st/stm32cubeide_1.6.1/plugins/com.st.stm32cube.ide.mcu.externaltools.gnu-tools-for-stm32.9-2020-q2-update.linux64_1.5.0.202011040924/tools/bin/../lib/gcc/arm-none-eabi/9.3.1/thumb/v6-m/nofp/crtbegin.o
 .ARM.attributes
                0x000000000000004a       0x2c Core/Src/can.o
 .ARM.attributes
                0x0000000000000076       0x2c Core/Src/gpio.o
 .ARM.attributes
                0x00000000000000a2       0x2c Core/Src/main.o
 .ARM.attributes
                0x00000000000000ce       0x2c Core/Src/stm32f0xx_hal_msp.o
 .ARM.attributes
                0x00000000000000fa       0x2c Core/Src/stm32f0xx_it.o
 .ARM.attributes
                0x0000000000000126       0x2c Core/Src/system_stm32f0xx.o
 .ARM.attributes
                0x0000000000000152       0x2c Core/Src/tim.o
 .ARM.attributes
                0x000000000000017e       0x21 Core/Startup/startup_stm32f042f6px.o
 .ARM.attributes
                0x000000000000019f       0x2c Drivers/STM32F0xx_HAL_Driver/Src/stm32f0xx_hal.o
 .ARM.attributes
                0x00000000000001cb       0x2c Drivers/STM32F0xx_HAL_Driver/Src/stm32f0xx_hal_can.o
 .ARM.attributes
                0x00000000000001f7       0x2c Drivers/STM32F0xx_HAL_Driver/Src/stm32f0xx_hal_cortex.o
 .ARM.attributes
                0x0000000000000223       0x2c Drivers/STM32F0xx_HAL_Driver/Src/stm32f0xx_hal_gpio.o
 .ARM.attributes
                0x000000000000024f       0x2c Drivers/STM32F0xx_HAL_Driver/Src/stm32f0xx_hal_rcc.o
 .ARM.attributes
                0x000000000000027b       0x2c Drivers/STM32F0xx_HAL_Driver/Src/stm32f0xx_hal_tim.o
 .ARM.attributes
                0x00000000000002a7       0x2c Drivers/STM32F0xx_HAL_Driver/Src/stm32f0xx_hal_tim_ex.o
 .ARM.attributes
                0x00000000000002d3       0x2c /opt/st/stm32cubeide_1.6.1/plugins/com.st.stm32cube.ide.mcu.externaltools.gnu-tools-for-stm32.9-2020-q2-update.linux64_1.5.0.202011040924/tools/bin/../lib/gcc/arm-none-eabi/9.3.1/../../../../arm-none-eabi/lib/thumb/v6-m/nofp/libc_nano.a(lib_a-init.o)
 .ARM.attributes
                0x00000000000002ff       0x2c /opt/st/stm32cubeide_1.6.1/plugins/com.st.stm32cube.ide.mcu.externaltools.gnu-tools-for-stm32.9-2020-q2-update.linux64_1.5.0.202011040924/tools/bin/../lib/gcc/arm-none-eabi/9.3.1/../../../../arm-none-eabi/lib/thumb/v6-m/nofp/libc_nano.a(lib_a-memset.o)
 .ARM.attributes
                0x000000000000032b       0x1e /opt/st/stm32cubeide_1.6.1/plugins/com.st.stm32cube.ide.mcu.externaltools.gnu-tools-for-stm32.9-2020-q2-update.linux64_1.5.0.202011040924/tools/bin/../lib/gcc/arm-none-eabi/9.3.1/thumb/v6-m/nofp/libgcc.a(_udivsi3.o)
 .ARM.attributes
                0x0000000000000349       0x1e /opt/st/stm32cubeide_1.6.1/plugins/com.st.stm32cube.ide.mcu.externaltools.gnu-tools-for-stm32.9-2020-q2-update.linux64_1.5.0.202011040924/tools/bin/../lib/gcc/arm-none-eabi/9.3.1/thumb/v6-m/nofp/libgcc.a(_dvmd_tls.o)
 .ARM.attributes
                0x0000000000000367       0x2c /opt/st/stm32cubeide_1.6.1/plugins/com.st.stm32cube.ide.mcu.externaltools.gnu-tools-for-stm32.9-2020-q2-update.linux64_1.5.0.202011040924/tools/bin/../lib/gcc/arm-none-eabi/9.3.1/thumb/v6-m/nofp/libgcc.a(_fixunssfsi.o)
 .ARM.attributes
                0x0000000000000393       0x2c /opt/st/stm32cubeide_1.6.1/plugins/com.st.stm32cube.ide.mcu.externaltools.gnu-tools-for-stm32.9-2020-q2-update.linux64_1.5.0.202011040924/tools/bin/../lib/gcc/arm-none-eabi/9.3.1/thumb/v6-m/nofp/libgcc.a(addsf3.o)
 .ARM.attributes
                0x00000000000003bf       0x2c /opt/st/stm32cubeide_1.6.1/plugins/com.st.stm32cube.ide.mcu.externaltools.gnu-tools-for-stm32.9-2020-q2-update.linux64_1.5.0.202011040924/tools/bin/../lib/gcc/arm-none-eabi/9.3.1/thumb/v6-m/nofp/libgcc.a(subsf3.o)
 .ARM.attributes
                0x00000000000003eb       0x2c /opt/st/stm32cubeide_1.6.1/plugins/com.st.stm32cube.ide.mcu.externaltools.gnu-tools-for-stm32.9-2020-q2-update.linux64_1.5.0.202011040924/tools/bin/../lib/gcc/arm-none-eabi/9.3.1/thumb/v6-m/nofp/libgcc.a(fixsfsi.o)
 .ARM.attributes
                0x0000000000000417       0x2c /opt/st/stm32cubeide_1.6.1/plugins/com.st.stm32cube.ide.mcu.externaltools.gnu-tools-for-stm32.9-2020-q2-update.linux64_1.5.0.202011040924/tools/bin/../lib/gcc/arm-none-eabi/9.3.1/thumb/v6-m/nofp/libgcc.a(floatunsisf.o)
 .ARM.attributes
                0x0000000000000443       0x2c /opt/st/stm32cubeide_1.6.1/plugins/com.st.stm32cube.ide.mcu.externaltools.gnu-tools-for-stm32.9-2020-q2-update.linux64_1.5.0.202011040924/tools/bin/../lib/gcc/arm-none-eabi/9.3.1/thumb/v6-m/nofp/libgcc.a(muldf3.o)
 .ARM.attributes
                0x000000000000046f       0x2c /opt/st/stm32cubeide_1.6.1/plugins/com.st.stm32cube.ide.mcu.externaltools.gnu-tools-for-stm32.9-2020-q2-update.linux64_1.5.0.202011040924/tools/bin/../lib/gcc/arm-none-eabi/9.3.1/thumb/v6-m/nofp/libgcc.a(extendsfdf2.o)
 .ARM.attributes
                0x000000000000049b       0x2c /opt/st/stm32cubeide_1.6.1/plugins/com.st.stm32cube.ide.mcu.externaltools.gnu-tools-for-stm32.9-2020-q2-update.linux64_1.5.0.202011040924/tools/bin/../lib/gcc/arm-none-eabi/9.3.1/thumb/v6-m/nofp/libgcc.a(truncdfsf2.o)
 .ARM.attributes
                0x00000000000004c7       0x1e /opt/st/stm32cubeide_1.6.1/plugins/com.st.stm32cube.ide.mcu.externaltools.gnu-tools-for-stm32.9-2020-q2-update.linux64_1.5.0.202011040924/tools/bin/../lib/gcc/arm-none-eabi/9.3.1/thumb/v6-m/nofp/libgcc.a(_arm_cmpsf2.o)
 .ARM.attributes
                0x00000000000004e5       0x1e /opt/st/stm32cubeide_1.6.1/plugins/com.st.stm32cube.ide.mcu.externaltools.gnu-tools-for-stm32.9-2020-q2-update.linux64_1.5.0.202011040924/tools/bin/../lib/gcc/arm-none-eabi/9.3.1/thumb/v6-m/nofp/libgcc.a(_clzsi2.o)
 .ARM.attributes
                0x0000000000000503       0x2c /opt/st/stm32cubeide_1.6.1/plugins/com.st.stm32cube.ide.mcu.externaltools.gnu-tools-for-stm32.9-2020-q2-update.linux64_1.5.0.202011040924/tools/bin/../lib/gcc/arm-none-eabi/9.3.1/thumb/v6-m/nofp/libgcc.a(eqsf2.o)
 .ARM.attributes
                0x000000000000052f       0x2c /opt/st/stm32cubeide_1.6.1/plugins/com.st.stm32cube.ide.mcu.externaltools.gnu-tools-for-stm32.9-2020-q2-update.linux64_1.5.0.202011040924/tools/bin/../lib/gcc/arm-none-eabi/9.3.1/thumb/v6-m/nofp/libgcc.a(gesf2.o)
 .ARM.attributes
                0x000000000000055b       0x2c /opt/st/stm32cubeide_1.6.1/plugins/com.st.stm32cube.ide.mcu.externaltools.gnu-tools-for-stm32.9-2020-q2-update.linux64_1.5.0.202011040924/tools/bin/../lib/gcc/arm-none-eabi/9.3.1/thumb/v6-m/nofp/libgcc.a(lesf2.o)
 .ARM.attributes
                0x0000000000000587       0x1e /opt/st/stm32cubeide_1.6.1/plugins/com.st.stm32cube.ide.mcu.externaltools.gnu-tools-for-stm32.9-2020-q2-update.linux64_1.5.0.202011040924/tools/bin/../lib/gcc/arm-none-eabi/9.3.1/thumb/v6-m/nofp/crtn.o
OUTPUT(CAN_US_without_capture.elf elf32-littlearm)
LOAD linker stubs
LOAD /opt/st/stm32cubeide_1.6.1/plugins/com.st.stm32cube.ide.mcu.externaltools.gnu-tools-for-stm32.9-2020-q2-update.linux64_1.5.0.202011040924/tools/bin/../lib/gcc/arm-none-eabi/9.3.1/../../../../arm-none-eabi/lib/thumb/v6-m/nofp/libc.a
LOAD /opt/st/stm32cubeide_1.6.1/plugins/com.st.stm32cube.ide.mcu.externaltools.gnu-tools-for-stm32.9-2020-q2-update.linux64_1.5.0.202011040924/tools/bin/../lib/gcc/arm-none-eabi/9.3.1/../../../../arm-none-eabi/lib/thumb/v6-m/nofp/libm.a
LOAD /opt/st/stm32cubeide_1.6.1/plugins/com.st.stm32cube.ide.mcu.externaltools.gnu-tools-for-stm32.9-2020-q2-update.linux64_1.5.0.202011040924/tools/bin/../lib/gcc/arm-none-eabi/9.3.1/thumb/v6-m/nofp/libgcc.a

.debug_info     0x0000000000000000     0xa5f8
 .debug_info    0x0000000000000000      0xa53 Core/Src/can.o
 .debug_info    0x0000000000000a53      0x3b2 Core/Src/gpio.o
 .debug_info    0x0000000000000e05     0x18d5 Core/Src/main.o
 .debug_info    0x00000000000026da      0x2e2 Core/Src/stm32f0xx_hal_msp.o
 .debug_info    0x00000000000029bc      0x1b3 Core/Src/stm32f0xx_it.o
 .debug_info    0x0000000000002b6f      0x2c3 Core/Src/system_stm32f0xx.o
 .debug_info    0x0000000000002e32      0xab1 Core/Src/tim.o
 .debug_info    0x00000000000038e3       0x22 Core/Startup/startup_stm32f042f6px.o
 .debug_info    0x0000000000003905      0x6f4 Drivers/STM32F0xx_HAL_Driver/Src/stm32f0xx_hal.o
 .debug_info    0x0000000000003ff9     0x1003 Drivers/STM32F0xx_HAL_Driver/Src/stm32f0xx_hal_can.o
 .debug_info    0x0000000000004ffc      0x7ca Drivers/STM32F0xx_HAL_Driver/Src/stm32f0xx_hal_cortex.o
 .debug_info    0x00000000000057c6      0x6ed Drivers/STM32F0xx_HAL_Driver/Src/stm32f0xx_hal_gpio.o
 .debug_info    0x0000000000005eb3      0x8b1 Drivers/STM32F0xx_HAL_Driver/Src/stm32f0xx_hal_rcc.o
 .debug_info    0x0000000000006764     0x2a21 Drivers/STM32F0xx_HAL_Driver/Src/stm32f0xx_hal_tim.o
 .debug_info    0x0000000000009185     0x1473 Drivers/STM32F0xx_HAL_Driver/Src/stm32f0xx_hal_tim_ex.o

.debug_abbrev   0x0000000000000000     0x1a99
 .debug_abbrev  0x0000000000000000      0x1f7 Core/Src/can.o
 .debug_abbrev  0x00000000000001f7      0x143 Core/Src/gpio.o
 .debug_abbrev  0x000000000000033a      0x2c0 Core/Src/main.o
 .debug_abbrev  0x00000000000005fa      0x11d Core/Src/stm32f0xx_hal_msp.o
 .debug_abbrev  0x0000000000000717       0xd2 Core/Src/stm32f0xx_it.o
 .debug_abbrev  0x00000000000007e9      0x145 Core/Src/system_stm32f0xx.o
 .debug_abbrev  0x000000000000092e      0x1ce Core/Src/tim.o
 .debug_abbrev  0x0000000000000afc       0x12 Core/Startup/startup_stm32f042f6px.o
 .debug_abbrev  0x0000000000000b0e      0x21e Drivers/STM32F0xx_HAL_Driver/Src/stm32f0xx_hal.o
 .debug_abbrev  0x0000000000000d2c      0x1dd Drivers/STM32F0xx_HAL_Driver/Src/stm32f0xx_hal_can.o
 .debug_abbrev  0x0000000000000f09      0x2a9 Drivers/STM32F0xx_HAL_Driver/Src/stm32f0xx_hal_cortex.o
 .debug_abbrev  0x00000000000011b2      0x1e8 Drivers/STM32F0xx_HAL_Driver/Src/stm32f0xx_hal_gpio.o
 .debug_abbrev  0x000000000000139a      0x23b Drivers/STM32F0xx_HAL_Driver/Src/stm32f0xx_hal_rcc.o
 .debug_abbrev  0x00000000000015d5      0x25e Drivers/STM32F0xx_HAL_Driver/Src/stm32f0xx_hal_tim.o
 .debug_abbrev  0x0000000000001833      0x266 Drivers/STM32F0xx_HAL_Driver/Src/stm32f0xx_hal_tim_ex.o

.debug_aranges  0x0000000000000000      0xa50
 .debug_aranges
                0x0000000000000000       0x40 Core/Src/can.o
 .debug_aranges
                0x0000000000000040       0x20 Core/Src/gpio.o
 .debug_aranges
                0x0000000000000060       0x38 Core/Src/main.o
 .debug_aranges
                0x0000000000000098       0x20 Core/Src/stm32f0xx_hal_msp.o
 .debug_aranges
                0x00000000000000b8       0x40 Core/Src/stm32f0xx_it.o
 .debug_aranges
                0x00000000000000f8       0x28 Core/Src/system_stm32f0xx.o
 .debug_aranges
                0x0000000000000120       0x30 Core/Src/tim.o
 .debug_aranges
                0x0000000000000150       0x28 Core/Startup/startup_stm32f042f6px.o
 .debug_aranges
                0x0000000000000178       0xd0 Drivers/STM32F0xx_HAL_Driver/Src/stm32f0xx_hal.o
 .debug_aranges
                0x0000000000000248      0x138 Drivers/STM32F0xx_HAL_Driver/Src/stm32f0xx_hal_can.o
 .debug_aranges
                0x0000000000000380       0xc0 Drivers/STM32F0xx_HAL_Driver/Src/stm32f0xx_hal_cortex.o
 .debug_aranges
                0x0000000000000440       0x58 Drivers/STM32F0xx_HAL_Driver/Src/stm32f0xx_hal_gpio.o
 .debug_aranges
                0x0000000000000498       0x80 Drivers/STM32F0xx_HAL_Driver/Src/stm32f0xx_hal_rcc.o
 .debug_aranges
                0x0000000000000518      0x3d0 Drivers/STM32F0xx_HAL_Driver/Src/stm32f0xx_hal_tim.o
 .debug_aranges
                0x00000000000008e8      0x168 Drivers/STM32F0xx_HAL_Driver/Src/stm32f0xx_hal_tim_ex.o

.debug_ranges   0x0000000000000000      0x968
 .debug_ranges  0x0000000000000000       0x30 Core/Src/can.o
 .debug_ranges  0x0000000000000030       0x10 Core/Src/gpio.o
 .debug_ranges  0x0000000000000040       0x28 Core/Src/main.o
 .debug_ranges  0x0000000000000068       0x10 Core/Src/stm32f0xx_hal_msp.o
 .debug_ranges  0x0000000000000078       0x30 Core/Src/stm32f0xx_it.o
 .debug_ranges  0x00000000000000a8       0x18 Core/Src/system_stm32f0xx.o
 .debug_ranges  0x00000000000000c0       0x20 Core/Src/tim.o
 .debug_ranges  0x00000000000000e0       0x20 Core/Startup/startup_stm32f042f6px.o
 .debug_ranges  0x0000000000000100       0xc0 Drivers/STM32F0xx_HAL_Driver/Src/stm32f0xx_hal.o
 .debug_ranges  0x00000000000001c0      0x128 Drivers/STM32F0xx_HAL_Driver/Src/stm32f0xx_hal_can.o
 .debug_ranges  0x00000000000002e8       0xb0 Drivers/STM32F0xx_HAL_Driver/Src/stm32f0xx_hal_cortex.o
 .debug_ranges  0x0000000000000398       0x48 Drivers/STM32F0xx_HAL_Driver/Src/stm32f0xx_hal_gpio.o
 .debug_ranges  0x00000000000003e0       0x70 Drivers/STM32F0xx_HAL_Driver/Src/stm32f0xx_hal_rcc.o
 .debug_ranges  0x0000000000000450      0x3c0 Drivers/STM32F0xx_HAL_Driver/Src/stm32f0xx_hal_tim.o
 .debug_ranges  0x0000000000000810      0x158 Drivers/STM32F0xx_HAL_Driver/Src/stm32f0xx_hal_tim_ex.o

.debug_macro    0x0000000000000000    0x18c32
 .debug_macro   0x0000000000000000      0x1d1 Core/Src/can.o
 .debug_macro   0x00000000000001d1      0xa7e Core/Src/can.o
 .debug_macro   0x0000000000000c4f      0x133 Core/Src/can.o
 .debug_macro   0x0000000000000d82       0x2e Core/Src/can.o
 .debug_macro   0x0000000000000db0       0x22 Core/Src/can.o
 .debug_macro   0x0000000000000dd2       0x22 Core/Src/can.o
 .debug_macro   0x0000000000000df4       0x8e Core/Src/can.o
 .debug_macro   0x0000000000000e82       0x51 Core/Src/can.o
 .debug_macro   0x0000000000000ed3      0x103 Core/Src/can.o
 .debug_macro   0x0000000000000fd6       0x6a Core/Src/can.o
 .debug_macro   0x0000000000001040      0x1df Core/Src/can.o
 .debug_macro   0x000000000000121f       0x1c Core/Src/can.o
 .debug_macro   0x000000000000123b       0x22 Core/Src/can.o
 .debug_macro   0x000000000000125d       0xb5 Core/Src/can.o
 .debug_macro   0x0000000000001312      0x391 Core/Src/can.o
 .debug_macro   0x00000000000016a3     0xf1e6 Core/Src/can.o
 .debug_macro   0x0000000000010889       0x3c Core/Src/can.o
 .debug_macro   0x00000000000108c5     0x3461 Core/Src/can.o
 .debug_macro   0x0000000000013d26      0x174 Core/Src/can.o
 .debug_macro   0x0000000000013e9a       0x55 Core/Src/can.o
 .debug_macro   0x0000000000013eef      0x946 Core/Src/can.o
 .debug_macro   0x0000000000014835      0x46b Core/Src/can.o
 .debug_macro   0x0000000000014ca0      0x12f Core/Src/can.o
 .debug_macro   0x0000000000014dcf      0x130 Core/Src/can.o
 .debug_macro   0x0000000000014eff      0x199 Core/Src/can.o
 .debug_macro   0x0000000000015098      0x1ed Core/Src/can.o
 .debug_macro   0x0000000000015285       0x34 Core/Src/can.o
 .debug_macro   0x00000000000152b9       0x43 Core/Src/can.o
 .debug_macro   0x00000000000152fc       0x28 Core/Src/can.o
 .debug_macro   0x0000000000015324      0x408 Core/Src/can.o
 .debug_macro   0x000000000001572c       0xb0 Core/Src/can.o
 .debug_macro   0x00000000000157dc      0x182 Core/Src/can.o
 .debug_macro   0x000000000001595e      0x22c Core/Src/can.o
 .debug_macro   0x0000000000015b8a       0x60 Core/Src/can.o
 .debug_macro   0x0000000000015bea       0xa5 Core/Src/can.o
 .debug_macro   0x0000000000015c8f       0x4c Core/Src/can.o
 .debug_macro   0x0000000000015cdb      0x15b Core/Src/can.o
 .debug_macro   0x0000000000015e36      0x8d8 Core/Src/can.o
 .debug_macro   0x000000000001670e       0x28 Core/Src/can.o
 .debug_macro   0x0000000000016736      0x12e Core/Src/can.o
 .debug_macro   0x0000000000016864       0x1c Core/Src/can.o
 .debug_macro   0x0000000000016880      0x1d1 Core/Src/gpio.o
 .debug_macro   0x0000000000016a51      0x37e Core/Src/main.o
 .debug_macro   0x0000000000016dcf       0x52 Core/Src/main.o
 .debug_macro   0x0000000000016e21       0x18 Core/Src/main.o
 .debug_macro   0x0000000000016e39       0x3c Core/Src/main.o
 .debug_macro   0x0000000000016e75       0x34 Core/Src/main.o
 .debug_macro   0x0000000000016ea9       0x16 Core/Src/main.o
 .debug_macro   0x0000000000016ebf       0x43 Core/Src/main.o
 .debug_macro   0x0000000000016f02       0x34 Core/Src/main.o
 .debug_macro   0x0000000000016f36       0x10 Core/Src/main.o
 .debug_macro   0x0000000000016f46       0x58 Core/Src/main.o
 .debug_macro   0x0000000000016f9e       0x71 Core/Src/main.o
 .debug_macro   0x000000000001700f       0x1c Core/Src/main.o
 .debug_macro   0x000000000001702b      0x12a Core/Src/main.o
 .debug_macro   0x0000000000017155      0x333 Core/Src/main.o
 .debug_macro   0x0000000000017488       0x10 Core/Src/main.o
 .debug_macro   0x0000000000017498       0x35 Core/Src/main.o
 .debug_macro   0x00000000000174cd       0x20 Core/Src/main.o
 .debug_macro   0x00000000000174ed       0x1c Core/Src/main.o
 .debug_macro   0x0000000000017509       0x10 Core/Src/main.o
 .debug_macro   0x0000000000017519       0x10 Core/Src/main.o
 .debug_macro   0x0000000000017529       0x1c Core/Src/main.o
 .debug_macro   0x0000000000017545       0x52 Core/Src/main.o
 .debug_macro   0x0000000000017597       0x22 Core/Src/main.o
 .debug_macro   0x00000000000175b9       0x10 Core/Src/main.o
 .debug_macro   0x00000000000175c9       0x40 Core/Src/main.o
 .debug_macro   0x0000000000017609       0xd5 Core/Src/main.o
 .debug_macro   0x00000000000176de       0x1c Core/Src/main.o
 .debug_macro   0x00000000000176fa       0x3d Core/Src/main.o
 .debug_macro   0x0000000000017737       0x16 Core/Src/main.o
 .debug_macro   0x000000000001774d      0x145 Core/Src/main.o
 .debug_macro   0x0000000000017892      0x1c7 Core/Src/stm32f0xx_hal_msp.o
 .debug_macro   0x0000000000017a59      0x1d1 Core/Src/stm32f0xx_it.o
 .debug_macro   0x0000000000017c2a      0x1b8 Core/Src/system_stm32f0xx.o
 .debug_macro   0x0000000000017de2      0x1d1 Core/Src/tim.o
 .debug_macro   0x0000000000017fb3      0x1dc Drivers/STM32F0xx_HAL_Driver/Src/stm32f0xx_hal.o
 .debug_macro   0x000000000001818f      0x1c0 Drivers/STM32F0xx_HAL_Driver/Src/stm32f0xx_hal_can.o
 .debug_macro   0x000000000001834f      0x1b8 Drivers/STM32F0xx_HAL_Driver/Src/stm32f0xx_hal_cortex.o
 .debug_macro   0x0000000000018507      0x1f0 Drivers/STM32F0xx_HAL_Driver/Src/stm32f0xx_hal_gpio.o
 .debug_macro   0x00000000000186f7      0x1ca Drivers/STM32F0xx_HAL_Driver/Src/stm32f0xx_hal_rcc.o
 .debug_macro   0x00000000000188c1      0x1b9 Drivers/STM32F0xx_HAL_Driver/Src/stm32f0xx_hal_tim.o
 .debug_macro   0x0000000000018a7a      0x1b8 Drivers/STM32F0xx_HAL_Driver/Src/stm32f0xx_hal_tim_ex.o

.debug_line     0x0000000000000000     0xbf9f
 .debug_line    0x0000000000000000      0x76e Core/Src/can.o
 .debug_line    0x000000000000076e      0x6b9 Core/Src/gpio.o
 .debug_line    0x0000000000000e27      0x9c7 Core/Src/main.o
 .debug_line    0x00000000000017ee      0x6a4 Core/Src/stm32f0xx_hal_msp.o
 .debug_line    0x0000000000001e92      0x707 Core/Src/stm32f0xx_it.o
 .debug_line    0x0000000000002599      0x72a Core/Src/system_stm32f0xx.o
 .debug_line    0x0000000000002cc3      0x73f Core/Src/tim.o
 .debug_line    0x0000000000003402       0x9b Core/Startup/startup_stm32f042f6px.o
 .debug_line    0x000000000000349d      0x91d Drivers/STM32F0xx_HAL_Driver/Src/stm32f0xx_hal.o
 .debug_line    0x0000000000003dba     0x10e1 Drivers/STM32F0xx_HAL_Driver/Src/stm32f0xx_hal_can.o
 .debug_line    0x0000000000004e9b      0x9c9 Drivers/STM32F0xx_HAL_Driver/Src/stm32f0xx_hal_cortex.o
 .debug_line    0x0000000000005864      0xa91 Drivers/STM32F0xx_HAL_Driver/Src/stm32f0xx_hal_gpio.o
 .debug_line    0x00000000000062f5      0xdac Drivers/STM32F0xx_HAL_Driver/Src/stm32f0xx_hal_rcc.o
 .debug_line    0x00000000000070a1     0x3522 Drivers/STM32F0xx_HAL_Driver/Src/stm32f0xx_hal_tim.o
 .debug_line    0x000000000000a5c3     0x19dc Drivers/STM32F0xx_HAL_Driver/Src/stm32f0xx_hal_tim_ex.o

.debug_str      0x0000000000000000    0x8f117
 .debug_str     0x0000000000000000    0x88633 Core/Src/can.o
                                      0x8891d (size before relaxing)
 .debug_str     0x0000000000088633       0x48 Core/Src/gpio.o
                                      0x884cd (size before relaxing)
 .debug_str     0x000000000008867b     0x4686 Core/Src/main.o
                                      0x8cfd3 (size before relaxing)
 .debug_str     0x000000000008cd01       0x48 Core/Src/stm32f0xx_hal_msp.o
                                      0x88455 (size before relaxing)
 .debug_str     0x000000000008cd49       0x76 Core/Src/stm32f0xx_it.o
                                      0x88420 (size before relaxing)
 .debug_str     0x000000000008cdbf       0x5f Core/Src/system_stm32f0xx.o
                                      0x88400 (size before relaxing)
 .debug_str     0x000000000008ce1e      0x120 Core/Src/tim.o
                                      0x88ab7 (size before relaxing)
 .debug_str     0x000000000008cf3e       0x36 Core/Startup/startup_stm32f042f6px.o
                                         0x82 (size before relaxing)
 .debug_str     0x000000000008cf74      0x44e Drivers/STM32F0xx_HAL_Driver/Src/stm32f0xx_hal.o
                                      0x88926 (size before relaxing)
 .debug_str     0x000000000008d3c2      0x463 Drivers/STM32F0xx_HAL_Driver/Src/stm32f0xx_hal_can.o
                                      0x88bf1 (size before relaxing)
 .debug_str     0x000000000008d825      0x1d2 Drivers/STM32F0xx_HAL_Driver/Src/stm32f0xx_hal_cortex.o
                                      0x887de (size before relaxing)
 .debug_str     0x000000000008d9f7      0x1f7 Drivers/STM32F0xx_HAL_Driver/Src/stm32f0xx_hal_gpio.o
                                      0x8869c (size before relaxing)
 .debug_str     0x000000000008dbee      0x240 Drivers/STM32F0xx_HAL_Driver/Src/stm32f0xx_hal_rcc.o
                                      0x88815 (size before relaxing)
 .debug_str     0x000000000008de2e      0xdd2 Drivers/STM32F0xx_HAL_Driver/Src/stm32f0xx_hal_tim.o
                                      0x897b4 (size before relaxing)
 .debug_str     0x000000000008ec00      0x517 Drivers/STM32F0xx_HAL_Driver/Src/stm32f0xx_hal_tim_ex.o
                                      0x88f8e (size before relaxing)

.comment        0x0000000000000000       0x53
 .comment       0x0000000000000000       0x53 Core/Src/can.o
                                         0x54 (size before relaxing)
 .comment       0x0000000000000053       0x54 Core/Src/gpio.o
 .comment       0x0000000000000053       0x54 Core/Src/main.o
 .comment       0x0000000000000053       0x54 Core/Src/stm32f0xx_hal_msp.o
 .comment       0x0000000000000053       0x54 Core/Src/stm32f0xx_it.o
 .comment       0x0000000000000053       0x54 Core/Src/system_stm32f0xx.o
 .comment       0x0000000000000053       0x54 Core/Src/tim.o
 .comment       0x0000000000000053       0x54 Drivers/STM32F0xx_HAL_Driver/Src/stm32f0xx_hal.o
 .comment       0x0000000000000053       0x54 Drivers/STM32F0xx_HAL_Driver/Src/stm32f0xx_hal_can.o
 .comment       0x0000000000000053       0x54 Drivers/STM32F0xx_HAL_Driver/Src/stm32f0xx_hal_cortex.o
 .comment       0x0000000000000053       0x54 Drivers/STM32F0xx_HAL_Driver/Src/stm32f0xx_hal_gpio.o
 .comment       0x0000000000000053       0x54 Drivers/STM32F0xx_HAL_Driver/Src/stm32f0xx_hal_rcc.o
 .comment       0x0000000000000053       0x54 Drivers/STM32F0xx_HAL_Driver/Src/stm32f0xx_hal_tim.o
 .comment       0x0000000000000053       0x54 Drivers/STM32F0xx_HAL_Driver/Src/stm32f0xx_hal_tim_ex.o

.debug_frame    0x0000000000000000     0x262c
 .debug_frame   0x0000000000000000       0xa8 Core/Src/can.o
 .debug_frame   0x00000000000000a8       0x30 Core/Src/gpio.o
 .debug_frame   0x00000000000000d8       0x8c Core/Src/main.o
 .debug_frame   0x0000000000000164       0x30 Core/Src/stm32f0xx_hal_msp.o
 .debug_frame   0x0000000000000194       0x9c Core/Src/stm32f0xx_it.o
 .debug_frame   0x0000000000000230       0x4c Core/Src/system_stm32f0xx.o
 .debug_frame   0x000000000000027c       0x70 Core/Src/tim.o
 .debug_frame   0x00000000000002ec      0x2a4 Drivers/STM32F0xx_HAL_Driver/Src/stm32f0xx_hal.o
 .debug_frame   0x0000000000000590      0x490 Drivers/STM32F0xx_HAL_Driver/Src/stm32f0xx_hal_can.o
 .debug_frame   0x0000000000000a20      0x2a0 Drivers/STM32F0xx_HAL_Driver/Src/stm32f0xx_hal_cortex.o
 .debug_frame   0x0000000000000cc0      0x110 Drivers/STM32F0xx_HAL_Driver/Src/stm32f0xx_hal_gpio.o
 .debug_frame   0x0000000000000dd0      0x198 Drivers/STM32F0xx_HAL_Driver/Src/stm32f0xx_hal_rcc.o
 .debug_frame   0x0000000000000f68      0xef8 Drivers/STM32F0xx_HAL_Driver/Src/stm32f0xx_hal_tim.o
 .debug_frame   0x0000000000001e60      0x558 Drivers/STM32F0xx_HAL_Driver/Src/stm32f0xx_hal_tim_ex.o
 .debug_frame   0x00000000000023b8       0x2c /opt/st/stm32cubeide_1.6.1/plugins/com.st.stm32cube.ide.mcu.externaltools.gnu-tools-for-stm32.9-2020-q2-update.linux64_1.5.0.202011040924/tools/bin/../lib/gcc/arm-none-eabi/9.3.1/../../../../arm-none-eabi/lib/thumb/v6-m/nofp/libc_nano.a(lib_a-init.o)
 .debug_frame   0x00000000000023e4       0x20 /opt/st/stm32cubeide_1.6.1/plugins/com.st.stm32cube.ide.mcu.externaltools.gnu-tools-for-stm32.9-2020-q2-update.linux64_1.5.0.202011040924/tools/bin/../lib/gcc/arm-none-eabi/9.3.1/../../../../arm-none-eabi/lib/thumb/v6-m/nofp/libc_nano.a(lib_a-memset.o)
 .debug_frame   0x0000000000002404       0x20 /opt/st/stm32cubeide_1.6.1/plugins/com.st.stm32cube.ide.mcu.externaltools.gnu-tools-for-stm32.9-2020-q2-update.linux64_1.5.0.202011040924/tools/bin/../lib/gcc/arm-none-eabi/9.3.1/thumb/v6-m/nofp/libgcc.a(_udivsi3.o)
 .debug_frame   0x0000000000002424       0x28 /opt/st/stm32cubeide_1.6.1/plugins/com.st.stm32cube.ide.mcu.externaltools.gnu-tools-for-stm32.9-2020-q2-update.linux64_1.5.0.202011040924/tools/bin/../lib/gcc/arm-none-eabi/9.3.1/thumb/v6-m/nofp/libgcc.a(_fixunssfsi.o)
 .debug_frame   0x000000000000244c       0x38 /opt/st/stm32cubeide_1.6.1/plugins/com.st.stm32cube.ide.mcu.externaltools.gnu-tools-for-stm32.9-2020-q2-update.linux64_1.5.0.202011040924/tools/bin/../lib/gcc/arm-none-eabi/9.3.1/thumb/v6-m/nofp/libgcc.a(addsf3.o)
 .debug_frame   0x0000000000002484       0x38 /opt/st/stm32cubeide_1.6.1/plugins/com.st.stm32cube.ide.mcu.externaltools.gnu-tools-for-stm32.9-2020-q2-update.linux64_1.5.0.202011040924/tools/bin/../lib/gcc/arm-none-eabi/9.3.1/thumb/v6-m/nofp/libgcc.a(subsf3.o)
 .debug_frame   0x00000000000024bc       0x20 /opt/st/stm32cubeide_1.6.1/plugins/com.st.stm32cube.ide.mcu.externaltools.gnu-tools-for-stm32.9-2020-q2-update.linux64_1.5.0.202011040924/tools/bin/../lib/gcc/arm-none-eabi/9.3.1/thumb/v6-m/nofp/libgcc.a(fixsfsi.o)
 .debug_frame   0x00000000000024dc       0x2c /opt/st/stm32cubeide_1.6.1/plugins/com.st.stm32cube.ide.mcu.externaltools.gnu-tools-for-stm32.9-2020-q2-update.linux64_1.5.0.202011040924/tools/bin/../lib/gcc/arm-none-eabi/9.3.1/thumb/v6-m/nofp/libgcc.a(floatunsisf.o)
 .debug_frame   0x0000000000002508       0x3c /opt/st/stm32cubeide_1.6.1/plugins/com.st.stm32cube.ide.mcu.externaltools.gnu-tools-for-stm32.9-2020-q2-update.linux64_1.5.0.202011040924/tools/bin/../lib/gcc/arm-none-eabi/9.3.1/thumb/v6-m/nofp/libgcc.a(muldf3.o)
 .debug_frame   0x0000000000002544       0x2c /opt/st/stm32cubeide_1.6.1/plugins/com.st.stm32cube.ide.mcu.externaltools.gnu-tools-for-stm32.9-2020-q2-update.linux64_1.5.0.202011040924/tools/bin/../lib/gcc/arm-none-eabi/9.3.1/thumb/v6-m/nofp/libgcc.a(extendsfdf2.o)
 .debug_frame   0x0000000000002570       0x30 /opt/st/stm32cubeide_1.6.1/plugins/com.st.stm32cube.ide.mcu.externaltools.gnu-tools-for-stm32.9-2020-q2-update.linux64_1.5.0.202011040924/tools/bin/../lib/gcc/arm-none-eabi/9.3.1/thumb/v6-m/nofp/libgcc.a(truncdfsf2.o)
 .debug_frame   0x00000000000025a0       0x2c /opt/st/stm32cubeide_1.6.1/plugins/com.st.stm32cube.ide.mcu.externaltools.gnu-tools-for-stm32.9-2020-q2-update.linux64_1.5.0.202011040924/tools/bin/../lib/gcc/arm-none-eabi/9.3.1/thumb/v6-m/nofp/libgcc.a(eqsf2.o)
 .debug_frame   0x00000000000025cc       0x30 /opt/st/stm32cubeide_1.6.1/plugins/com.st.stm32cube.ide.mcu.externaltools.gnu-tools-for-stm32.9-2020-q2-update.linux64_1.5.0.202011040924/tools/bin/../lib/gcc/arm-none-eabi/9.3.1/thumb/v6-m/nofp/libgcc.a(gesf2.o)
 .debug_frame   0x00000000000025fc       0x30 /opt/st/stm32cubeide_1.6.1/plugins/com.st.stm32cube.ide.mcu.externaltools.gnu-tools-for-stm32.9-2020-q2-update.linux64_1.5.0.202011040924/tools/bin/../lib/gcc/arm-none-eabi/9.3.1/thumb/v6-m/nofp/libgcc.a(lesf2.o)
